\BOOKMARK [1][-]{section.1}{\376\377\225\356\230\230\221\315\217\360}{}% 1
\BOOKMARK [2][-]{subsection.1.1}{\376\377\225\356\230\230\200\314\146\157}{section.1}% 2
\BOOKMARK [2][-]{subsection.1.2}{\376\377\225\356\230\230\211\201\154\102}{section.1}% 3
\BOOKMARK [1][-]{section.2}{\376\377\152\041\127\213\120\107\213\276}{}% 4
\BOOKMARK [1][-]{section.3}{\376\377\173\046\123\367\213\364\146\016}{}% 5
\BOOKMARK [1][-]{section.4}{\376\377\225\356\230\230\122\006\147\220}{}% 6
\BOOKMARK [2][-]{subsection.4.1}{\376\377\225\356\230\230\0001\122\006\147\220\377\032\230\316\123\026\117\134\165\050\116\016\123\026\133\146\142\020\122\006\166\204\121\163\200\124\122\006\147\220}{section.4}% 7
\BOOKMARK [2][-]{subsection.4.2}{\376\377\225\356\230\230\0002\122\006\147\220\377\032\163\273\164\203\174\173\127\213\166\204\122\006\174\173\116\016\116\232\174\173\122\022\122\006}{section.4}% 8
\BOOKMARK [2][-]{subsection.4.3}{\376\377\225\356\230\230\0003\122\006\147\220\377\032\147\052\167\345\150\067\147\054\174\173\134\136\222\164\122\053}{section.4}% 9
\BOOKMARK [2][-]{subsection.4.4}{\376\377\225\356\230\230\0004\122\006\147\220\377\032\142\020\122\006\225\364\121\163\200\124\121\163\174\373\116\016\135\356\137\002}{section.4}% 10
\BOOKMARK [1][-]{section.5}{\376\377\152\041\127\213\136\372\172\313\116\016\154\102\211\343}{}% 11
\BOOKMARK [2][-]{subsection.5.1}{\376\377\225\356\230\230\0001\377\032\230\316\123\026\121\163\200\124\122\006\147\220\116\016\142\020\122\006\176\337\213\241\211\304\137\213}{section.5}% 12
\BOOKMARK [3][-]{subsubsection.5.1.1}{\376\377\152\041\127\213\136\372\172\313}{subsection.5.1}% 13
\BOOKMARK [3][-]{subsubsection.5.1.2}{\376\377\152\041\127\213\154\102\211\343\116\016\176\323\147\234}{subsection.5.1}% 14
\BOOKMARK [3][-]{subsubsection.5.1.3}{\376\377\152\041\127\213\150\300\232\214}{subsection.5.1}% 15
\BOOKMARK [2][-]{subsection.5.2}{\376\377\225\356\230\230\0002\377\032\163\273\164\203\174\173\127\213\122\006\174\173\116\016\116\232\174\173\122\022\122\006}{section.5}% 16
\BOOKMARK [3][-]{subsubsection.5.2.1}{\376\377\152\041\127\213\136\372\172\313}{subsection.5.2}% 17
\BOOKMARK [3][-]{subsubsection.5.2.2}{\376\377\152\041\127\213\154\102\211\343\116\016\176\323\147\234}{subsection.5.2}% 18
\BOOKMARK [3][-]{subsubsection.5.2.3}{\376\377\152\041\127\213\150\300\232\214}{subsection.5.2}% 19
\BOOKMARK [2][-]{subsection.5.3}{\376\377\225\356\230\230\0003\377\032\147\052\167\345\150\067\147\054\174\173\134\136\222\164\122\053}{section.5}% 20
\BOOKMARK [3][-]{subsubsection.5.3.1}{\376\377\152\041\127\213\136\372\172\313}{subsection.5.3}% 21
\BOOKMARK [3][-]{subsubsection.5.3.2}{\376\377\152\041\127\213\154\102\211\343\116\016\176\323\147\234}{subsection.5.3}% 22
\BOOKMARK [3][-]{subsubsection.5.3.3}{\376\377\152\041\127\213\150\300\232\214}{subsection.5.3}% 23
\BOOKMARK [2][-]{subsection.5.4}{\376\377\225\356\230\230\0004\377\032\142\020\122\006\121\163\200\124\122\006\147\220\116\016\135\356\137\002\140\047\153\324\217\203}{section.5}% 24
\BOOKMARK [3][-]{subsubsection.5.4.1}{\376\377\152\041\127\213\136\372\172\313}{subsection.5.4}% 25
\BOOKMARK [3][-]{subsubsection.5.4.2}{\376\377\152\041\127\213\154\102\211\343\116\016\176\323\147\234}{subsection.5.4}% 26
\BOOKMARK [3][-]{subsubsection.5.4.3}{\376\377\152\041\127\213\150\300\232\214}{subsection.5.4}% 27
\BOOKMARK [1][-]{section.6}{\376\377\176\323\147\234\122\006\147\220\116\016\213\250\213\272}{}% 28
\BOOKMARK [2][-]{subsection.6.1}{\376\377\127\372\170\100\145\160\120\074\122\006\147\220}{section.6}% 29
\BOOKMARK [2][-]{subsection.6.2}{\376\377\155\361\134\102\147\072\164\006\122\006\147\220}{section.6}% 30
\BOOKMARK [2][-]{subsection.6.3}{\376\377\136\224\165\050\136\366\117\070\122\006\147\220}{section.6}% 31
\BOOKMARK [1][-]{section.7}{\376\377\152\041\127\213\213\304\116\367\116\016\145\071\217\333}{}% 32
\BOOKMARK [2][-]{subsection.7.1}{\376\377\117\030\160\271}{section.7}% 33
\BOOKMARK [2][-]{subsection.7.2}{\376\377\177\072\160\271\116\016\145\071\217\333\145\271\124\021}{section.7}% 34
\BOOKMARK [1][-]{section.8}{\376\377\176\323\213\272}{}% 35
