\BOOKMARK [1][-]{section.1}{\376\377\137\025\212\000}{}% 1
\BOOKMARK [2][-]{subsection.1.1}{\376\377\170\024\172\166\200\314\146\157\116\016\141\017\116\111}{section.1}% 2
\BOOKMARK [2][-]{subsection.1.2}{\376\377\225\356\230\230\221\315\217\360}{section.1}% 3
\BOOKMARK [2][-]{subsection.1.3}{\376\377\145\207\163\056\176\374\217\360}{section.1}% 4
\BOOKMARK [2][-]{subsection.1.4}{\376\377\121\150\145\207\176\323\147\204}{section.1}% 5
\BOOKMARK [1][-]{section.2}{\376\377\152\041\127\213\120\107\213\276\116\016\173\046\123\367\213\364\146\016}{}% 6
\BOOKMARK [2][-]{subsection.2.1}{\376\377\152\041\127\213\120\107\213\276}{section.2}% 7
\BOOKMARK [2][-]{subsection.2.2}{\376\377\150\070\137\303\173\046\123\367\213\364\146\016}{section.2}% 8
\BOOKMARK [1][-]{section.3}{\376\377\225\356\230\230\0001\377\032\137\161\124\315\000N\000T\000U\166\204\116\073\211\201\126\340\175\040\173\133\220\011\116\016\230\204\155\113}{}% 9
\BOOKMARK [2][-]{subsection.3.1}{\376\377\152\041\127\213\136\372\172\313}{section.3}% 10
\BOOKMARK [3][-]{subsubsection.3.1.1}{\376\377\116\011\134\102\220\022\217\333\162\171\137\201\173\133\220\011\150\106\147\266}{subsection.3.1}% 11
\BOOKMARK [3][-]{subsubsection.3.1.2}{\376\377\000S\000t\000a\000c\000k\000i\000n\000g\131\032\152\041\127\213\207\215\124\010\230\204\155\113\152\041\127\213}{subsection.3.1}% 12
\BOOKMARK [3][-]{subsubsection.3.1.3}{\376\377\162\171\137\201\135\345\172\013}{subsection.3.1}% 13
\BOOKMARK [2][-]{subsection.3.2}{\376\377\152\041\127\213\154\102\211\343\116\016\176\323\147\234}{section.3}% 14
\BOOKMARK [2][-]{subsection.3.3}{\376\377\152\041\127\213\150\300\232\214\116\016\232\214\213\301}{section.3}% 15
\BOOKMARK [1][-]{section.4}{\376\377\225\356\230\230\0002\377\032\156\344\124\016\154\064\155\112\136\246\122\250\140\001\145\366\156\336\136\372\152\041}{}% 16
\BOOKMARK [2][-]{subsection.4.1}{\376\377\152\041\127\213\136\372\172\313\377\032\000T\000D\000-\000N\000A\000R\000X\152\041\127\213}{section.4}% 17
\BOOKMARK [3][-]{subsubsection.4.1.1}{\376\377\000C\000C\000F\174\227\117\060\145\366\156\336\203\003\126\364}{subsection.4.1}% 18
\BOOKMARK [3][-]{subsubsection.4.1.2}{\376\377\000G\000A\174\276\144\034\147\000\117\030\145\366\156\336}{subsection.4.1}% 19
\BOOKMARK [3][-]{subsubsection.4.1.3}{\376\377\000N\000A\000R\000X\171\136\176\317\177\121\176\334}{subsection.4.1}% 20
\BOOKMARK [2][-]{subsection.4.2}{\376\377\152\041\127\213\154\102\211\343\116\016\176\323\147\234}{section.4}% 21
\BOOKMARK [1][-]{section.5}{\376\377\225\356\230\230\0003\377\032\121\372\123\202\154\064\000N\000T\000U\155\367\124\010\122\250\140\001\230\204\155\113}{}% 22
\BOOKMARK [2][-]{subsection.5.1}{\376\377\152\041\127\213\136\372\172\313\377\032\000R\000T\000D\000-\000G\000B\000D\000T\155\367\124\010\152\041\127\213}{section.5}% 23
\BOOKMARK [3][-]{subsubsection.5.1.1}{\376\377\120\134\165\131\145\366\225\364\122\006\136\003\000\050\000R\000T\000D\000\051\162\151\164\006\152\041\127\213}{subsection.5.1}% 24
\BOOKMARK [3][-]{subsubsection.5.1.2}{\376\377\162\151\164\006\000+\145\160\143\156\155\367\124\010\152\041\127\213}{subsection.5.1}% 25
\BOOKMARK [2][-]{subsection.5.2}{\376\377\152\041\127\213\154\102\211\343\116\016\176\323\147\234}{section.5}% 26
\BOOKMARK [1][-]{section.6}{\376\377\225\356\230\230\0004\377\032\154\064\215\050\230\316\226\151\213\304\116\367\117\123\174\373}{}% 27
\BOOKMARK [2][-]{subsection.6.1}{\376\377\152\041\127\213\136\372\172\313\377\032\000F\000C\000E\000-\000S\000A\123\314\176\364\136\246\230\316\226\151\213\304\116\367\152\041\127\213}{section.6}% 28
\BOOKMARK [3][-]{subsubsection.6.1.1}{\376\377\230\316\226\151\143\007\150\007\117\123\174\373}{subsection.6.1}% 29
\BOOKMARK [3][-]{subsubsection.6.1.2}{\376\377\126\333\176\247\230\316\226\151\173\111\176\247\122\022\122\006}{subsection.6.1}% 30
\BOOKMARK [2][-]{subsection.6.2}{\376\377\230\316\226\151\213\304\116\367\176\323\147\234}{section.6}% 31
\BOOKMARK [1][-]{section.7}{\376\377\152\041\127\213\176\374\124\010\213\304\116\367\116\016\213\250\213\272}{}% 32
\BOOKMARK [2][-]{subsection.7.1}{\376\377\124\004\152\041\127\213\133\371\153\324\122\006\147\220}{section.7}% 33
\BOOKMARK [2][-]{subsection.7.2}{\376\377\152\041\127\213\134\100\226\120\140\047}{section.7}% 34
\BOOKMARK [1][-]{section.8}{\376\377\176\323\213\272\116\016\134\125\147\033}{}% 35
\BOOKMARK [2][-]{subsection.8.1}{\376\377\116\073\211\201\176\323\213\272}{section.8}% 36
\BOOKMARK [2][-]{subsection.8.2}{\376\377\147\052\147\145\134\125\147\033}{section.8}% 37
