\BOOKMARK [1][-]{section.1}{\376\377\225\356\230\230\221\315\217\360}{}% 1
\BOOKMARK [2][-]{subsection.1.1}{\376\377\225\356\230\230\200\314\146\157}{section.1}% 2
\BOOKMARK [2][-]{subsection.1.2}{\376\377\225\356\230\230\211\201\154\102}{section.1}% 3
\BOOKMARK [1][-]{section.2}{\376\377\152\041\127\213\120\107\213\276}{}% 4
\BOOKMARK [1][-]{section.3}{\376\377\173\046\123\367\213\364\146\016}{}% 5
\BOOKMARK [1][-]{section.4}{\376\377\225\356\230\230\122\006\147\220}{}% 6
\BOOKMARK [2][-]{subsection.4.1}{\376\377\225\356\230\230\0001\122\006\147\220\377\032\124\301\174\173\225\000\221\317\122\006\136\003\116\016\121\163\200\124\121\163\174\373}{section.4}% 7
\BOOKMARK [2][-]{subsection.4.2}{\376\377\225\356\230\230\0002\122\006\147\220\377\032\225\000\221\317\230\204\155\113\116\016\133\232\116\367\117\030\123\026}{section.4}% 8
\BOOKMARK [2][-]{subsection.4.3}{\376\377\225\356\230\230\0003\122\006\147\220\377\032\220\011\124\301\176\246\147\137\117\030\123\026}{section.4}% 9
\BOOKMARK [2][-]{subsection.4.4}{\376\377\225\356\230\230\0004\122\006\147\220\377\032\145\160\143\156\227\000\154\102\122\006\147\220}{section.4}% 10
\BOOKMARK [2][-]{subsection.4.5}{\376\377\142\200\147\057\215\357\176\277}{section.4}% 11
\BOOKMARK [1][-]{section.5}{\376\377\145\160\143\156\131\004\164\006}{}% 12
\BOOKMARK [2][-]{subsection.5.1}{\376\377\145\160\143\156\151\202\211\310\116\016\215\050\221\317\150\300\147\345}{section.5}% 13
\BOOKMARK [2][-]{subsection.5.2}{\376\377\145\345\136\246\200\132\124\010}{section.5}% 14
\BOOKMARK [2][-]{subsection.5.3}{\376\377\162\171\137\201\135\345\172\013}{section.5}% 15
\BOOKMARK [2][-]{subsection.5.4}{\376\377\145\160\143\156\226\306\122\022\122\006}{section.5}% 16
\BOOKMARK [2][-]{subsection.5.5}{\376\377\230\204\131\004\164\006\176\323\147\234}{section.5}% 17
\BOOKMARK [1][-]{section.6}{\376\377\152\041\127\213\136\372\172\313\116\016\154\102\211\343}{}% 18
\BOOKMARK [2][-]{subsection.6.1}{\376\377\225\356\230\230\0001\377\032\124\301\174\173\225\000\221\317\122\006\136\003\211\304\137\213\116\016\121\163\200\124\122\006\147\220}{section.6}% 19
\BOOKMARK [3][-]{subsubsection.6.1.1}{\376\377\152\041\127\213\136\372\172\313}{subsection.6.1}% 20
\BOOKMARK [3][-]{subsubsection.6.1.2}{\376\377\152\041\127\213\154\102\211\343\116\016\176\323\147\234}{subsection.6.1}% 21
\BOOKMARK [2][-]{subsection.6.2}{\376\377\225\356\230\230\0002\377\032\124\301\174\173\225\000\221\317\230\204\155\113\116\016\133\232\116\367\117\030\123\026}{section.6}% 22
\BOOKMARK [3][-]{subsubsection.6.2.1}{\376\377\152\041\127\213\136\372\172\313}{subsection.6.2}% 23
\BOOKMARK [3][-]{subsubsection.6.2.2}{\376\377\152\041\127\213\154\102\211\343\116\016\176\323\147\234}{subsection.6.2}% 24
\BOOKMARK [2][-]{subsection.6.3}{\376\377\225\356\230\230\0003\377\032\220\011\124\301\176\246\147\137\117\030\123\026}{section.6}% 25
\BOOKMARK [3][-]{subsubsection.6.3.1}{\376\377\152\041\127\213\136\372\172\313}{subsection.6.3}% 26
\BOOKMARK [3][-]{subsubsection.6.3.2}{\376\377\152\041\127\213\154\102\211\343\116\016\176\323\147\234}{subsection.6.3}% 27
\BOOKMARK [2][-]{subsection.6.4}{\376\377\225\356\230\230\0004\377\032\145\160\143\156\221\307\226\306\136\372\213\256}{section.6}% 28
\BOOKMARK [3][-]{subsubsection.6.4.1}{\376\377\117\030\121\110\176\247\0001\377\032\166\364\143\245\143\320\123\107\152\041\127\213\174\276\136\246\166\204\150\070\137\303\145\160\143\156}{subsection.6.4}% 29
\BOOKMARK [3][-]{subsubsection.6.4.2}{\376\377\117\030\121\110\176\247\0002\377\032\130\236\137\072\230\204\155\113\200\375\122\233\166\204\131\026\220\350\126\336\137\122\123\330\221\317}{subsection.6.4}% 30
\BOOKMARK [3][-]{subsubsection.6.4.3}{\376\377\117\030\121\110\176\247\0003\377\032\117\030\123\026\173\126\165\145\134\102\166\204\142\151\134\125\145\160\143\156}{subsection.6.4}% 31
\BOOKMARK [1][-]{section.7}{\376\377\176\323\147\234\122\006\147\220\116\016\213\250\213\272}{}% 32
\BOOKMARK [2][-]{subsection.7.1}{\376\377\205\054\203\334\225\000\125\056\166\204\127\372\147\054\211\304\137\213}{section.7}% 33
\BOOKMARK [2][-]{subsection.7.2}{\376\377\135\356\137\002\123\026\133\232\116\367\173\126\165\145\166\204\176\317\155\116\133\146\147\072\164\006}{section.7}% 34
\BOOKMARK [2][-]{subsection.7.3}{\376\377\220\011\124\301\117\030\123\026\116\055\124\301\174\173\136\163\210\141\166\204\217\320\204\045\116\367\120\074}{section.7}% 35
\BOOKMARK [1][-]{section.8}{\376\377\152\041\127\213\213\304\116\367\116\016\145\071\217\333}{}% 36
\BOOKMARK [2][-]{subsection.8.1}{\376\377\117\030\160\271}{section.8}% 37
\BOOKMARK [2][-]{subsection.8.2}{\376\377\177\072\160\271\116\016\145\071\217\333\145\271\124\021}{section.8}% 38
\BOOKMARK [1][-]{section.9}{\376\377\176\323\213\272}{}% 39
